# started on Tue Nov 17 11:51:54 2020


 Performance counter stats for 'python3 /home/csl/wswd/test/matmul.py':

 2,627,147,859,761      L1-dcache-loads-misses    #   11.63% of all L1-dcache hits    (66.67%)
22,597,408,539,563      L1-dcache-loads                                               (66.67%)
    23,041,003,629      LLC-load-misses           #   28.32% of all LL-cache hits     (66.67%)
    81,351,919,071      LLC-loads                                                     (66.67%)
    98,800,366,211      cache-misses              #   11.690 % of all cache refs      (66.67%)
   845,141,639,602      cache-references                                              (66.67%)

    1657.970283968 seconds time elapsed

